// Jest Snapshot v1, https://goo.gl/fbAQLP

exports[`pages/userInfoPage should render userInfoPage 1`] = `
<main
  class="userInfoPage"
>
  
      
  <div
    class="modalWindow"
  >
    
        
    <div
      class="modalWindow_content"
    >
      
          
      <div
        class="changeInfoInputAvatar"
      >
        
            
        <form
          id="myUserForm"
        >
          
              
          <input
            accept="image/*"
            id="avatar"
            name="avatar"
            type="file"
          />
          
            
        </form>
        
            
        <div
          class="changeInfoButton"
        >
          
              
          <button
            class="buttonAccept"
            type="button"
          >
             Save 
          </button>
          
              
          <button
            class="buttonReject"
            type="button"
          >
             Cancel 
          </button>
          
            
        </div>
        
          
      </div>
      
        
    </div>
    
      
  </div>
  
      
  <div
    class="modalWindow"
  >
    
      
    <div
      class="modalWindow_content"
    >
      

      <form
        class="authform"
      >
        
        
        <div>
                          
                
          <div>
            
      
            <div
              class="controlledInput"
            >
              
      
              <div
                class="controlledInputLabel"
              >
                
        Input old Password
      
              </div>
              
      
              <div
                class="controlledInputField"
              >
                
      
                <input
                  class="inputBase"
                  name="oldPassword"
                  placeholder="undefined"
                  ref=""
                  type="password"
                  value=""
                />
                
      
              </div>
              
        
              <hr
                class="controlledInputLine"
              />
              
      
              <div
                class="errorrs"
              >
                
      
                <div
                  class="errorBase"
                />
                
      
              </div>
              
      
            </div>
            
      
          </div>
          

                
          <div>
            
      
            <div
              class="controlledInput"
            >
              
      
              <div
                class="controlledInputLabel"
              >
                
        Input new Password
      
              </div>
              
      
              <div
                class="controlledInputField"
              >
                
      
                <input
                  class="inputBase"
                  name="newPassword"
                  placeholder="newPassword"
                  ref=""
                  type="password"
                  value=""
                />
                
      
              </div>
              
        
              <hr
                class="controlledInputLine"
              />
              
      
              <div
                class="errorrs"
              >
                
      
                <div
                  class="errorBase"
                />
                
      
              </div>
              
      
            </div>
            
      
          </div>
          
          
          <div
            class="changeInfoButton"
          >
            
        
            <button
              class="buttonAccept"
              type="submit"
            >
               Save 
            </button>
            
        
            <button
              class="buttonReject"
              type="button"
            >
               Cancel 
            </button>
            
            
          </div>
          

        </div>
        
    
      </form>
                
    </div>
    
      
  </div>
  
      
  <div
    class="modalWindow"
  >
    
    
    <div
      class="modalWindow_content"
    >
      

      <form
        class="authform"
      >
        
        
        <div>
                          
                
          <div>
            
      
            <div
              class="controlledInput"
            >
              
      
              <div
                class="controlledInputLabel"
              >
                
        Input your First name
      
              </div>
              
      
              <div
                class="controlledInputField"
              >
                
      
                <input
                  class="inputBase"
                  name="first_name"
                  placeholder="first_name"
                  ref=""
                  type="text"
                  value="User"
                />
                
      
              </div>
              
        
              <hr
                class="controlledInputLine"
              />
              
      
              <div
                class="errorrs"
              >
                
      
                <div
                  class="errorBase"
                />
                
      
              </div>
              
      
            </div>
            
      
          </div>
           
          <div>
            
      
            <div
              class="controlledInput"
            >
              
      
              <div
                class="controlledInputLabel"
              >
                
        Input your Second name
      
              </div>
              
      
              <div
                class="controlledInputField"
              >
                
      
                <input
                  class="inputBase"
                  name="second_name"
                  placeholder="second_name"
                  ref=""
                  type="text"
                  value="UserUser"
                />
                
      
              </div>
              
        
              <hr
                class="controlledInputLine"
              />
              
      
              <div
                class="errorrs"
              >
                
      
                <div
                  class="errorBase"
                />
                
      
              </div>
              
      
            </div>
            
      
          </div>
           
          <div>
            
      
            <div
              class="controlledInput"
            >
              
      
              <div
                class="controlledInputLabel"
              >
                
        Input your Login
      
              </div>
              
      
              <div
                class="controlledInputField"
              >
                
      
                <input
                  class="inputBase"
                  name="login"
                  placeholder="login"
                  ref=""
                  type="text"
                  value="User"
                />
                
      
              </div>
              
        
              <hr
                class="controlledInputLine"
              />
              
      
              <div
                class="errorrs"
              >
                
      
                <div
                  class="errorBase"
                />
                
      
              </div>
              
      
            </div>
            
      
          </div>
           
          <div>
            
      
            <div
              class="controlledInput"
            >
              
      
              <div
                class="controlledInputLabel"
              >
                
        Input your email
      
              </div>
              
      
              <div
                class="controlledInputField"
              >
                
      
                <input
                  class="inputBase"
                  name="email"
                  placeholder="email"
                  ref=""
                  type="text"
                  value="user@test.ru"
                />
                
      
              </div>
              
        
              <hr
                class="controlledInputLine"
              />
              
      
              <div
                class="errorrs"
              >
                
      
                <div
                  class="errorBase"
                />
                
      
              </div>
              
      
            </div>
            
      
          </div>
           
          <div>
            
      
            <div
              class="controlledInput"
            >
              
      
              <div
                class="controlledInputLabel"
              >
                
        Input your local name for chats
      
              </div>
              
      
              <div
                class="controlledInputField"
              >
                
      
                <input
                  class="inputBase"
                  name="display_name"
                  placeholder="display_name"
                  ref=""
                  type="text"
                  value="User"
                />
                
      
              </div>
              
        
              <hr
                class="controlledInputLine"
              />
              
      
              <div
                class="errorrs"
              >
                
      
                <div
                  class="errorBase"
                />
                
      
              </div>
              
      
            </div>
            
      
          </div>
           
          <div>
            
      
            <div
              class="controlledInput"
            >
              
      
              <div
                class="controlledInputLabel"
              >
                
        Input your phone number
      
              </div>
              
      
              <div
                class="controlledInputField"
              >
                
      
                <input
                  class="inputBase"
                  name="phone"
                  placeholder="phone"
                  ref=""
                  type="text"
                  value="1234567890"
                />
                
      
              </div>
              
        
              <hr
                class="controlledInputLine"
              />
              
      
              <div
                class="errorrs"
              >
                
      
                <div
                  class="errorBase"
                />
                
      
              </div>
              
      
            </div>
            
      
          </div>
          
          
          <div
            class="changeInfoButton"
          >
            
        
            <button
              class="buttonAccept"
              type="submit"
            >
               Save 
            </button>
            
        
            <button
              class="buttonReject"
              type="button"
            >
               Cancel 
            </button>
            
            
          </div>
          

        </div>
        
    
      </form>
                
    </div>
    
      
  </div>
  
      
        
  <div
    class="mainUserInfoPage"
  >
    
          
    <button
      class="arrowleft"
    >
        
    </button>
    
            
    <div
      class="userinfopage"
    >
      
              
      <img
        alt="avatar"
        src="https://ya-praktikum.tech/api/v2/resources"
      />
      
    
              
      <div
        class="userinfoMain"
      >
        
        
        <div
          class="userinfo"
        >
          
          
          <span
            class="userinfoNameField"
          >
             email 
          </span>
          
          
          <p
            class="userinfoValueField"
          >
             user@test.ru 
          </p>
          
        
        </div>
        

        
        <hr
          class="userinfo_line"
        />
        
      
      </div>
       
      <div
        class="userinfoMain"
      >
        
        
        <div
          class="userinfo"
        >
          
          
          <span
            class="userinfoNameField"
          >
             fist_name 
          </span>
          
          
          <p
            class="userinfoValueField"
          >
             undefined 
          </p>
          
        
        </div>
        

        
        <hr
          class="userinfo_line"
        />
        
      
      </div>
       
      <div
        class="userinfoMain"
      >
        
        
        <div
          class="userinfo"
        >
          
          
          <span
            class="userinfoNameField"
          >
             second_name 
          </span>
          
          
          <p
            class="userinfoValueField"
          >
             UserUser 
          </p>
          
        
        </div>
        

        
        <hr
          class="userinfo_line"
        />
        
      
      </div>
       
      <div
        class="userinfoMain"
      >
        
        
        <div
          class="userinfo"
        >
          
          
          <span
            class="userinfoNameField"
          >
             display_name 
          </span>
          
          
          <p
            class="userinfoValueField"
          >
             User 
          </p>
          
        
        </div>
        

        
        <hr
          class="userinfo_line"
        />
        
      
      </div>
       
      <div
        class="userinfoMain"
      >
        
        
        <div
          class="userinfo"
        >
          
          
          <span
            class="userinfoNameField"
          >
             login 
          </span>
          
          
          <p
            class="userinfoValueField"
          >
             User 
          </p>
          
        
        </div>
        

        
        <hr
          class="userinfo_line"
        />
        
      
      </div>
       
      <div
        class="userinfoMain"
      >
        
        
        <div
          class="userinfo"
        >
          
          
          <span
            class="userinfoNameField"
          >
             phone 
          </span>
          
          
          <p
            class="userinfoValueField"
          >
             1234567890 
          </p>
          
        
        </div>
        

        
        <hr
          class="userinfo_line"
        />
        
      
      </div>
      
      
            
    </div>
    
            
    <div
      class="userInfoPageBlock"
    >
      

              
                  
      <button
        class="buttonChange"
        type="button"
      >
         Change avatar 
      </button>
      
                  
      <button
        class="buttonChange"
        type="button"
      >
         Change userInfo 
      </button>
      
                  
      <button
        class="buttonChange"
        type="button"
      >
         Change password 
      </button>
      
                  
                  
      <button
        class="buttonReject"
        type="button"
      >
         Exit 
      </button>
      
                  
            
    </div>
    
        
  </div>
  
        
        
      
</main>
`;
